I'm sorry, but errors were detected in your script. Please correct the
errors listed below, and try again.


File "game/variables.rpy", line 2: invalid syntax
    $ opc = 0
     ^

Ren'Py Version: Ren'Py 8.3.7.25031702
Fri Aug 29 20:06:02 2025
